Warning: Design 'vsdcaravel' has '5' unresolved references. For more detailed information, use the "link" command. (UID-341)
 
****************************************
Report : constraint
        -all_violators
Design : vsdcaravel
Version: T-2022.03-SP5
Date   : Tue Dec 16 15:04:09 2025
****************************************


   min_delay/hold ('hk_serial_clk' group)

                             Required        Actual
   Endpoint                 Path Delay     Path Delay        Slack
   -----------------------------------------------------------------
   chip_core/gpio_control_in_1[10]/shift_register_reg[10]/D
                                3.00           2.86 r        -0.15  (VIOLATED)
   chip_core/gpio_control_in_1[10]/shift_register_reg[11]/D
                                3.00           2.86 r        -0.15  (VIOLATED)
   chip_core/gpio_control_in_1[10]/shift_register_reg[12]/D
                                3.00           2.86 r        -0.15  (VIOLATED)
   chip_core/gpio_control_in_2[0]/shift_register_reg[10]/D
                                3.00           2.86 r        -0.15  (VIOLATED)
   chip_core/gpio_control_in_2[0]/shift_register_reg[11]/D
                                3.00           2.86 r        -0.15  (VIOLATED)
   chip_core/gpio_control_in_2[0]/shift_register_reg[12]/D
                                3.00           2.86 r        -0.15  (VIOLATED)
   chip_core/gpio_control_in_1[10]/shift_register_reg[1]/D
                                3.01           2.86 r        -0.15  (VIOLATED)
   chip_core/gpio_control_in_1[10]/shift_register_reg[2]/D
                                3.01           2.86 r        -0.15  (VIOLATED)
   chip_core/gpio_control_in_1[10]/shift_register_reg[3]/D
                                3.01           2.86 r        -0.15  (VIOLATED)
   chip_core/gpio_control_in_1[10]/shift_register_reg[4]/D
                                3.01           2.86 r        -0.15  (VIOLATED)
   chip_core/gpio_control_in_1[10]/shift_register_reg[5]/D
                                3.01           2.86 r        -0.15  (VIOLATED)
   chip_core/gpio_control_in_1[10]/shift_register_reg[6]/D
                                3.01           2.86 r        -0.15  (VIOLATED)
   chip_core/gpio_control_in_1[10]/shift_register_reg[7]/D
                                3.01           2.86 r        -0.15  (VIOLATED)
   chip_core/gpio_control_in_1[10]/shift_register_reg[8]/D
                                3.01           2.86 r        -0.15  (VIOLATED)
   chip_core/gpio_control_in_2[0]/shift_register_reg[1]/D
                                3.01           2.86 r        -0.15  (VIOLATED)
   chip_core/gpio_control_in_2[0]/shift_register_reg[2]/D
                                3.01           2.86 r        -0.15  (VIOLATED)
   chip_core/gpio_control_in_2[0]/shift_register_reg[3]/D
                                3.01           2.86 r        -0.15  (VIOLATED)
   chip_core/gpio_control_in_2[0]/shift_register_reg[4]/D
                                3.01           2.86 r        -0.15  (VIOLATED)
   chip_core/gpio_control_in_2[0]/shift_register_reg[5]/D
                                3.01           2.86 r        -0.15  (VIOLATED)
   chip_core/gpio_control_in_2[0]/shift_register_reg[6]/D
                                3.01           2.86 r        -0.15  (VIOLATED)
   chip_core/gpio_control_in_2[0]/shift_register_reg[7]/D
                                3.01           2.86 r        -0.15  (VIOLATED)
   chip_core/gpio_control_in_2[0]/shift_register_reg[8]/D
                                3.01           2.86 r        -0.15  (VIOLATED)
   chip_core/gpio_control_in_1[10]/shift_register_reg[9]/D
                                3.00           2.86 r        -0.14  (VIOLATED)
   chip_core/gpio_control_in_2[0]/shift_register_reg[9]/D
                                3.00           2.86 r        -0.14  (VIOLATED)
   chip_core/gpio_control_in_1[9]/shift_register_reg[1]/D
                                2.88           2.74 r        -0.14  (VIOLATED)
   chip_core/gpio_control_in_1[9]/shift_register_reg[2]/D
                                2.88           2.74 r        -0.14  (VIOLATED)
   chip_core/gpio_control_in_1[9]/shift_register_reg[3]/D
                                2.88           2.74 r        -0.14  (VIOLATED)
   chip_core/gpio_control_in_1[9]/shift_register_reg[4]/D
                                2.88           2.74 r        -0.14  (VIOLATED)
   chip_core/gpio_control_in_1[9]/shift_register_reg[5]/D
                                2.88           2.74 r        -0.14  (VIOLATED)
   chip_core/gpio_control_in_1[9]/shift_register_reg[6]/D
                                2.88           2.74 r        -0.14  (VIOLATED)
   chip_core/gpio_control_in_1[9]/shift_register_reg[7]/D
                                2.88           2.74 r        -0.14  (VIOLATED)
   chip_core/gpio_control_in_1[9]/shift_register_reg[8]/D
                                2.88           2.74 r        -0.14  (VIOLATED)
   chip_core/gpio_control_in_1[9]/shift_register_reg[9]/D
                                2.88           2.74 r        -0.14  (VIOLATED)
   chip_core/gpio_control_in_1[9]/shift_register_reg[10]/D
                                2.88           2.74 r        -0.14  (VIOLATED)
   chip_core/gpio_control_in_1[9]/shift_register_reg[11]/D
                                2.88           2.74 r        -0.14  (VIOLATED)
   chip_core/gpio_control_in_1[9]/shift_register_reg[12]/D
                                2.88           2.74 r        -0.14  (VIOLATED)
   chip_core/gpio_control_in_2[1]/shift_register_reg[1]/D
                                2.88           2.74 r        -0.14  (VIOLATED)
   chip_core/gpio_control_in_2[1]/shift_register_reg[2]/D
                                2.88           2.74 r        -0.14  (VIOLATED)
   chip_core/gpio_control_in_2[1]/shift_register_reg[3]/D
                                2.88           2.74 r        -0.14  (VIOLATED)
   chip_core/gpio_control_in_2[1]/shift_register_reg[4]/D
                                2.88           2.74 r        -0.14  (VIOLATED)
   chip_core/gpio_control_in_2[1]/shift_register_reg[5]/D
                                2.88           2.74 r        -0.14  (VIOLATED)
   chip_core/gpio_control_in_2[1]/shift_register_reg[6]/D
                                2.88           2.74 r        -0.14  (VIOLATED)
   chip_core/gpio_control_in_2[1]/shift_register_reg[7]/D
                                2.88           2.74 r        -0.14  (VIOLATED)
   chip_core/gpio_control_in_2[1]/shift_register_reg[8]/D
                                2.88           2.74 r        -0.14  (VIOLATED)
   chip_core/gpio_control_in_2[1]/shift_register_reg[9]/D
                                2.88           2.74 r        -0.14  (VIOLATED)
   chip_core/gpio_control_in_2[1]/shift_register_reg[10]/D
                                2.88           2.74 r        -0.14  (VIOLATED)
   chip_core/gpio_control_in_2[1]/shift_register_reg[11]/D
                                2.88           2.74 r        -0.14  (VIOLATED)
   chip_core/gpio_control_in_2[1]/shift_register_reg[12]/D
                                2.88           2.74 r        -0.14  (VIOLATED)
   chip_core/gpio_control_in_1[8]/shift_register_reg[1]/D
                                2.61           2.50 r        -0.12  (VIOLATED)
   chip_core/gpio_control_in_1[8]/shift_register_reg[2]/D
                                2.61           2.50 r        -0.12  (VIOLATED)
   chip_core/gpio_control_in_1[8]/shift_register_reg[3]/D
                                2.61           2.50 r        -0.12  (VIOLATED)
   chip_core/gpio_control_in_1[8]/shift_register_reg[4]/D
                                2.61           2.50 r        -0.12  (VIOLATED)
   chip_core/gpio_control_in_1[8]/shift_register_reg[5]/D
                                2.61           2.50 r        -0.12  (VIOLATED)
   chip_core/gpio_control_in_1[8]/shift_register_reg[6]/D
                                2.61           2.50 r        -0.12  (VIOLATED)
   chip_core/gpio_control_in_1[8]/shift_register_reg[7]/D
                                2.61           2.50 r        -0.12  (VIOLATED)
   chip_core/gpio_control_in_1[8]/shift_register_reg[8]/D
                                2.61           2.50 r        -0.12  (VIOLATED)
   chip_core/gpio_control_in_1[8]/shift_register_reg[9]/D
                                2.61           2.50 r        -0.12  (VIOLATED)
   chip_core/gpio_control_in_1[8]/shift_register_reg[10]/D
                                2.61           2.50 r        -0.12  (VIOLATED)
   chip_core/gpio_control_in_1[8]/shift_register_reg[11]/D
                                2.61           2.50 r        -0.12  (VIOLATED)
   chip_core/gpio_control_in_1[8]/shift_register_reg[12]/D
                                2.61           2.50 r        -0.12  (VIOLATED)
   chip_core/gpio_control_in_2[2]/shift_register_reg[1]/D
                                2.61           2.50 r        -0.12  (VIOLATED)
   chip_core/gpio_control_in_2[2]/shift_register_reg[2]/D
                                2.61           2.50 r        -0.12  (VIOLATED)
   chip_core/gpio_control_in_2[2]/shift_register_reg[3]/D
                                2.61           2.50 r        -0.12  (VIOLATED)
   chip_core/gpio_control_in_2[2]/shift_register_reg[4]/D
                                2.61           2.50 r        -0.12  (VIOLATED)
   chip_core/gpio_control_in_2[2]/shift_register_reg[5]/D
                                2.61           2.50 r        -0.12  (VIOLATED)
   chip_core/gpio_control_in_2[2]/shift_register_reg[6]/D
                                2.61           2.50 r        -0.12  (VIOLATED)
   chip_core/gpio_control_in_2[2]/shift_register_reg[7]/D
                                2.61           2.50 r        -0.12  (VIOLATED)
   chip_core/gpio_control_in_2[2]/shift_register_reg[8]/D
                                2.61           2.50 r        -0.12  (VIOLATED)
   chip_core/gpio_control_in_2[2]/shift_register_reg[9]/D
                                2.61           2.50 r        -0.12  (VIOLATED)
   chip_core/gpio_control_in_2[2]/shift_register_reg[10]/D
                                2.61           2.50 r        -0.12  (VIOLATED)
   chip_core/gpio_control_in_2[2]/shift_register_reg[11]/D
                                2.61           2.50 r        -0.12  (VIOLATED)
   chip_core/gpio_control_in_2[2]/shift_register_reg[12]/D
                                2.61           2.50 r        -0.12  (VIOLATED)
   chip_core/gpio_control_in_1[7]/shift_register_reg[1]/D
                                2.47           2.37 r        -0.11  (VIOLATED)
   chip_core/gpio_control_in_1[7]/shift_register_reg[2]/D
                                2.47           2.37 r        -0.11  (VIOLATED)
   chip_core/gpio_control_in_1[7]/shift_register_reg[3]/D
                                2.47           2.37 r        -0.11  (VIOLATED)
   chip_core/gpio_control_in_1[7]/shift_register_reg[4]/D
                                2.47           2.37 r        -0.11  (VIOLATED)
   chip_core/gpio_control_in_1[7]/shift_register_reg[5]/D
                                2.47           2.37 r        -0.11  (VIOLATED)
   chip_core/gpio_control_in_1[7]/shift_register_reg[6]/D
                                2.47           2.37 r        -0.11  (VIOLATED)
   chip_core/gpio_control_in_1[7]/shift_register_reg[7]/D
                                2.47           2.37 r        -0.11  (VIOLATED)
   chip_core/gpio_control_in_1[7]/shift_register_reg[8]/D
                                2.47           2.37 r        -0.11  (VIOLATED)
   chip_core/gpio_control_in_1[7]/shift_register_reg[9]/D
                                2.47           2.37 r        -0.11  (VIOLATED)
   chip_core/gpio_control_in_1[7]/shift_register_reg[10]/D
                                2.47           2.37 r        -0.11  (VIOLATED)
   chip_core/gpio_control_in_1[7]/shift_register_reg[11]/D
                                2.47           2.37 r        -0.11  (VIOLATED)
   chip_core/gpio_control_in_1[7]/shift_register_reg[12]/D
                                2.47           2.37 r        -0.11  (VIOLATED)
   chip_core/gpio_control_in_2[3]/shift_register_reg[1]/D
                                2.47           2.37 r        -0.11  (VIOLATED)
   chip_core/gpio_control_in_2[3]/shift_register_reg[2]/D
                                2.47           2.37 r        -0.11  (VIOLATED)
   chip_core/gpio_control_in_2[3]/shift_register_reg[3]/D
                                2.47           2.37 r        -0.11  (VIOLATED)
   chip_core/gpio_control_in_2[3]/shift_register_reg[4]/D
                                2.47           2.37 r        -0.11  (VIOLATED)
   chip_core/gpio_control_in_2[3]/shift_register_reg[5]/D
                                2.47           2.37 r        -0.11  (VIOLATED)
   chip_core/gpio_control_in_2[3]/shift_register_reg[6]/D
                                2.47           2.37 r        -0.11  (VIOLATED)
   chip_core/gpio_control_in_2[3]/shift_register_reg[7]/D
                                2.47           2.37 r        -0.11  (VIOLATED)
   chip_core/gpio_control_in_2[3]/shift_register_reg[8]/D
                                2.47           2.37 r        -0.11  (VIOLATED)
   chip_core/gpio_control_in_2[3]/shift_register_reg[9]/D
                                2.47           2.37 r        -0.11  (VIOLATED)
   chip_core/gpio_control_in_2[3]/shift_register_reg[10]/D
                                2.47           2.37 r        -0.11  (VIOLATED)
   chip_core/gpio_control_in_2[3]/shift_register_reg[11]/D
                                2.47           2.37 r        -0.11  (VIOLATED)
   chip_core/gpio_control_in_2[3]/shift_register_reg[12]/D
                                2.47           2.37 r        -0.11  (VIOLATED)
   chip_core/gpio_control_in_1[6]/shift_register_reg[1]/D
                                2.33           2.23 r        -0.10  (VIOLATED)
   chip_core/gpio_control_in_1[6]/shift_register_reg[2]/D
                                2.33           2.23 r        -0.10  (VIOLATED)
   chip_core/gpio_control_in_1[6]/shift_register_reg[3]/D
                                2.33           2.23 r        -0.10  (VIOLATED)
   chip_core/gpio_control_in_1[6]/shift_register_reg[4]/D
                                2.33           2.23 r        -0.10  (VIOLATED)
   chip_core/gpio_control_in_1[6]/shift_register_reg[5]/D
                                2.33           2.23 r        -0.10  (VIOLATED)
   chip_core/gpio_control_in_1[6]/shift_register_reg[6]/D
                                2.33           2.23 r        -0.10  (VIOLATED)
   chip_core/gpio_control_in_1[6]/shift_register_reg[7]/D
                                2.33           2.23 r        -0.10  (VIOLATED)
   chip_core/gpio_control_in_1[6]/shift_register_reg[8]/D
                                2.33           2.23 r        -0.10  (VIOLATED)
   chip_core/gpio_control_in_1[6]/shift_register_reg[9]/D
                                2.33           2.23 r        -0.10  (VIOLATED)
   chip_core/gpio_control_in_1[6]/shift_register_reg[10]/D
                                2.33           2.23 r        -0.10  (VIOLATED)
   chip_core/gpio_control_in_1[6]/shift_register_reg[11]/D
                                2.33           2.23 r        -0.10  (VIOLATED)
   chip_core/gpio_control_in_1[6]/shift_register_reg[12]/D
                                2.33           2.23 r        -0.10  (VIOLATED)
   chip_core/gpio_control_in_2[4]/shift_register_reg[1]/D
                                2.33           2.23 r        -0.10  (VIOLATED)
   chip_core/gpio_control_in_2[4]/shift_register_reg[2]/D
                                2.33           2.23 r        -0.10  (VIOLATED)
   chip_core/gpio_control_in_2[4]/shift_register_reg[3]/D
                                2.33           2.23 r        -0.10  (VIOLATED)
   chip_core/gpio_control_in_2[4]/shift_register_reg[4]/D
                                2.33           2.23 r        -0.10  (VIOLATED)
   chip_core/gpio_control_in_2[4]/shift_register_reg[5]/D
                                2.33           2.23 r        -0.10  (VIOLATED)
   chip_core/gpio_control_in_2[4]/shift_register_reg[6]/D
                                2.33           2.23 r        -0.10  (VIOLATED)
   chip_core/gpio_control_in_2[4]/shift_register_reg[7]/D
                                2.33           2.23 r        -0.10  (VIOLATED)
   chip_core/gpio_control_in_2[4]/shift_register_reg[8]/D
                                2.33           2.23 r        -0.10  (VIOLATED)
   chip_core/gpio_control_in_2[4]/shift_register_reg[9]/D
                                2.33           2.23 r        -0.10  (VIOLATED)
   chip_core/gpio_control_in_2[4]/shift_register_reg[10]/D
                                2.33           2.23 r        -0.10  (VIOLATED)
   chip_core/gpio_control_in_2[4]/shift_register_reg[11]/D
                                2.33           2.23 r        -0.10  (VIOLATED)
   chip_core/gpio_control_in_2[4]/shift_register_reg[12]/D
                                2.33           2.23 r        -0.10  (VIOLATED)
   chip_core/gpio_control_in_1[5]/shift_register_reg[1]/D
                                2.19           2.10 r        -0.09  (VIOLATED)
   chip_core/gpio_control_in_1[5]/shift_register_reg[2]/D
                                2.19           2.10 r        -0.09  (VIOLATED)
   chip_core/gpio_control_in_1[5]/shift_register_reg[3]/D
                                2.19           2.10 r        -0.09  (VIOLATED)
   chip_core/gpio_control_in_1[5]/shift_register_reg[4]/D
                                2.19           2.10 r        -0.09  (VIOLATED)
   chip_core/gpio_control_in_1[5]/shift_register_reg[5]/D
                                2.19           2.10 r        -0.09  (VIOLATED)
   chip_core/gpio_control_in_1[5]/shift_register_reg[6]/D
                                2.19           2.10 r        -0.09  (VIOLATED)
   chip_core/gpio_control_in_1[5]/shift_register_reg[7]/D
                                2.19           2.10 r        -0.09  (VIOLATED)
   chip_core/gpio_control_in_1[5]/shift_register_reg[8]/D
                                2.19           2.10 r        -0.09  (VIOLATED)
   chip_core/gpio_control_in_1[5]/shift_register_reg[9]/D
                                2.19           2.10 r        -0.09  (VIOLATED)
   chip_core/gpio_control_in_1[5]/shift_register_reg[10]/D
                                2.19           2.10 r        -0.09  (VIOLATED)
   chip_core/gpio_control_in_1[5]/shift_register_reg[11]/D
                                2.19           2.10 r        -0.09  (VIOLATED)
   chip_core/gpio_control_in_1[5]/shift_register_reg[12]/D
                                2.19           2.10 r        -0.09  (VIOLATED)
   chip_core/gpio_control_in_2[5]/shift_register_reg[1]/D
                                2.19           2.10 r        -0.09  (VIOLATED)
   chip_core/gpio_control_in_2[5]/shift_register_reg[2]/D
                                2.19           2.10 r        -0.09  (VIOLATED)
   chip_core/gpio_control_in_2[5]/shift_register_reg[3]/D
                                2.19           2.10 r        -0.09  (VIOLATED)
   chip_core/gpio_control_in_2[5]/shift_register_reg[4]/D
                                2.19           2.10 r        -0.09  (VIOLATED)
   chip_core/gpio_control_in_2[5]/shift_register_reg[5]/D
                                2.19           2.10 r        -0.09  (VIOLATED)
   chip_core/gpio_control_in_2[5]/shift_register_reg[6]/D
                                2.19           2.10 r        -0.09  (VIOLATED)
   chip_core/gpio_control_in_2[5]/shift_register_reg[7]/D
                                2.19           2.10 r        -0.09  (VIOLATED)
   chip_core/gpio_control_in_2[5]/shift_register_reg[8]/D
                                2.19           2.10 r        -0.09  (VIOLATED)
   chip_core/gpio_control_in_2[5]/shift_register_reg[9]/D
                                2.19           2.10 r        -0.09  (VIOLATED)
   chip_core/gpio_control_in_2[5]/shift_register_reg[10]/D
                                2.19           2.10 r        -0.09  (VIOLATED)
   chip_core/gpio_control_in_2[5]/shift_register_reg[11]/D
                                2.19           2.10 r        -0.09  (VIOLATED)
   chip_core/gpio_control_in_2[5]/shift_register_reg[12]/D
                                2.19           2.10 r        -0.09  (VIOLATED)
   chip_core/gpio_control_in_1[4]/shift_register_reg[1]/D
                                2.04           1.97 r        -0.08  (VIOLATED)
   chip_core/gpio_control_in_1[4]/shift_register_reg[2]/D
                                2.04           1.97 r        -0.08  (VIOLATED)
   chip_core/gpio_control_in_1[4]/shift_register_reg[3]/D
                                2.04           1.97 r        -0.08  (VIOLATED)
   chip_core/gpio_control_in_1[4]/shift_register_reg[4]/D
                                2.04           1.97 r        -0.08  (VIOLATED)
   chip_core/gpio_control_in_1[4]/shift_register_reg[5]/D
                                2.04           1.97 r        -0.08  (VIOLATED)
   chip_core/gpio_control_in_1[4]/shift_register_reg[6]/D
                                2.04           1.97 r        -0.08  (VIOLATED)
   chip_core/gpio_control_in_1[4]/shift_register_reg[7]/D
                                2.04           1.97 r        -0.08  (VIOLATED)
   chip_core/gpio_control_in_1[4]/shift_register_reg[8]/D
                                2.04           1.97 r        -0.08  (VIOLATED)
   chip_core/gpio_control_in_1[4]/shift_register_reg[9]/D
                                2.04           1.97 r        -0.08  (VIOLATED)
   chip_core/gpio_control_in_1[4]/shift_register_reg[10]/D
                                2.04           1.97 r        -0.08  (VIOLATED)
   chip_core/gpio_control_in_1[4]/shift_register_reg[11]/D
                                2.04           1.97 r        -0.08  (VIOLATED)
   chip_core/gpio_control_in_1[4]/shift_register_reg[12]/D
                                2.04           1.97 r        -0.08  (VIOLATED)
   chip_core/gpio_control_in_2[6]/shift_register_reg[1]/D
                                2.04           1.97 r        -0.08  (VIOLATED)
   chip_core/gpio_control_in_2[6]/shift_register_reg[2]/D
                                2.04           1.97 r        -0.08  (VIOLATED)
   chip_core/gpio_control_in_2[6]/shift_register_reg[3]/D
                                2.04           1.97 r        -0.08  (VIOLATED)
   chip_core/gpio_control_in_2[6]/shift_register_reg[4]/D
                                2.04           1.97 r        -0.08  (VIOLATED)
   chip_core/gpio_control_in_2[6]/shift_register_reg[5]/D
                                2.04           1.97 r        -0.08  (VIOLATED)
   chip_core/gpio_control_in_2[6]/shift_register_reg[6]/D
                                2.04           1.97 r        -0.08  (VIOLATED)
   chip_core/gpio_control_in_2[6]/shift_register_reg[7]/D
                                2.04           1.97 r        -0.08  (VIOLATED)
   chip_core/gpio_control_in_2[6]/shift_register_reg[8]/D
                                2.04           1.97 r        -0.08  (VIOLATED)
   chip_core/gpio_control_in_2[6]/shift_register_reg[9]/D
                                2.04           1.97 r        -0.08  (VIOLATED)
   chip_core/gpio_control_in_2[6]/shift_register_reg[10]/D
                                2.04           1.97 r        -0.08  (VIOLATED)
   chip_core/gpio_control_in_2[6]/shift_register_reg[11]/D
                                2.04           1.97 r        -0.08  (VIOLATED)
   chip_core/gpio_control_in_2[6]/shift_register_reg[12]/D
                                2.04           1.97 r        -0.08  (VIOLATED)
   chip_core/gpio_control_in_1[3]/shift_register_reg[1]/D
                                1.90           1.84 r        -0.06  (VIOLATED)
   chip_core/gpio_control_in_1[3]/shift_register_reg[2]/D
                                1.90           1.84 r        -0.06  (VIOLATED)
   chip_core/gpio_control_in_1[3]/shift_register_reg[3]/D
                                1.90           1.84 r        -0.06  (VIOLATED)
   chip_core/gpio_control_in_1[3]/shift_register_reg[4]/D
                                1.90           1.84 r        -0.06  (VIOLATED)
   chip_core/gpio_control_in_1[3]/shift_register_reg[5]/D
                                1.90           1.84 r        -0.06  (VIOLATED)
   chip_core/gpio_control_in_1[3]/shift_register_reg[6]/D
                                1.90           1.84 r        -0.06  (VIOLATED)
   chip_core/gpio_control_in_1[3]/shift_register_reg[7]/D
                                1.90           1.84 r        -0.06  (VIOLATED)
   chip_core/gpio_control_in_1[3]/shift_register_reg[8]/D
                                1.90           1.84 r        -0.06  (VIOLATED)
   chip_core/gpio_control_in_1[3]/shift_register_reg[9]/D
                                1.90           1.84 r        -0.06  (VIOLATED)
   chip_core/gpio_control_in_1[3]/shift_register_reg[10]/D
                                1.90           1.84 r        -0.06  (VIOLATED)
   chip_core/gpio_control_in_1[3]/shift_register_reg[11]/D
                                1.90           1.84 r        -0.06  (VIOLATED)
   chip_core/gpio_control_in_1[3]/shift_register_reg[12]/D
                                1.90           1.84 r        -0.06  (VIOLATED)
   chip_core/gpio_control_in_2[7]/shift_register_reg[1]/D
                                1.90           1.84 r        -0.06  (VIOLATED)
   chip_core/gpio_control_in_2[7]/shift_register_reg[2]/D
                                1.90           1.84 r        -0.06  (VIOLATED)
   chip_core/gpio_control_in_2[7]/shift_register_reg[3]/D
                                1.90           1.84 r        -0.06  (VIOLATED)
   chip_core/gpio_control_in_2[7]/shift_register_reg[4]/D
                                1.90           1.84 r        -0.06  (VIOLATED)
   chip_core/gpio_control_in_2[7]/shift_register_reg[5]/D
                                1.90           1.84 r        -0.06  (VIOLATED)
   chip_core/gpio_control_in_2[7]/shift_register_reg[6]/D
                                1.90           1.84 r        -0.06  (VIOLATED)
   chip_core/gpio_control_in_2[7]/shift_register_reg[7]/D
                                1.90           1.84 r        -0.06  (VIOLATED)
   chip_core/gpio_control_in_2[7]/shift_register_reg[8]/D
                                1.90           1.84 r        -0.06  (VIOLATED)
   chip_core/gpio_control_in_2[7]/shift_register_reg[9]/D
                                1.90           1.84 r        -0.06  (VIOLATED)
   chip_core/gpio_control_in_2[7]/shift_register_reg[10]/D
                                1.90           1.84 r        -0.06  (VIOLATED)
   chip_core/gpio_control_in_2[7]/shift_register_reg[11]/D
                                1.90           1.84 r        -0.06  (VIOLATED)
   chip_core/gpio_control_in_2[7]/shift_register_reg[12]/D
                                1.90           1.84 r        -0.06  (VIOLATED)
   chip_core/gpio_control_in_1[2]/shift_register_reg[1]/D
                                1.76           1.71 r        -0.05  (VIOLATED)
   chip_core/gpio_control_in_1[2]/shift_register_reg[2]/D
                                1.76           1.71 r        -0.05  (VIOLATED)
   chip_core/gpio_control_in_1[2]/shift_register_reg[3]/D
                                1.76           1.71 r        -0.05  (VIOLATED)
   chip_core/gpio_control_in_1[2]/shift_register_reg[4]/D
                                1.76           1.71 r        -0.05  (VIOLATED)
   chip_core/gpio_control_in_1[2]/shift_register_reg[5]/D
                                1.76           1.71 r        -0.05  (VIOLATED)
   chip_core/gpio_control_in_1[2]/shift_register_reg[6]/D
                                1.76           1.71 r        -0.05  (VIOLATED)
   chip_core/gpio_control_in_1[2]/shift_register_reg[7]/D
                                1.76           1.71 r        -0.05  (VIOLATED)
   chip_core/gpio_control_in_1[2]/shift_register_reg[8]/D
                                1.76           1.71 r        -0.05  (VIOLATED)
   chip_core/gpio_control_in_1[2]/shift_register_reg[9]/D
                                1.76           1.71 r        -0.05  (VIOLATED)
   chip_core/gpio_control_in_1[2]/shift_register_reg[10]/D
                                1.76           1.71 r        -0.05  (VIOLATED)
   chip_core/gpio_control_in_1[2]/shift_register_reg[11]/D
                                1.76           1.71 r        -0.05  (VIOLATED)
   chip_core/gpio_control_in_1[2]/shift_register_reg[12]/D
                                1.76           1.71 r        -0.05  (VIOLATED)
   chip_core/gpio_control_in_2[8]/shift_register_reg[1]/D
                                1.76           1.71 r        -0.05  (VIOLATED)
   chip_core/gpio_control_in_2[8]/shift_register_reg[2]/D
                                1.76           1.71 r        -0.05  (VIOLATED)
   chip_core/gpio_control_in_2[8]/shift_register_reg[3]/D
                                1.76           1.71 r        -0.05  (VIOLATED)
   chip_core/gpio_control_in_2[8]/shift_register_reg[4]/D
                                1.76           1.71 r        -0.05  (VIOLATED)
   chip_core/gpio_control_in_2[8]/shift_register_reg[5]/D
                                1.76           1.71 r        -0.05  (VIOLATED)
   chip_core/gpio_control_in_2[8]/shift_register_reg[6]/D
                                1.76           1.71 r        -0.05  (VIOLATED)
   chip_core/gpio_control_in_2[8]/shift_register_reg[7]/D
                                1.76           1.71 r        -0.05  (VIOLATED)
   chip_core/gpio_control_in_2[8]/shift_register_reg[8]/D
                                1.76           1.71 r        -0.05  (VIOLATED)
   chip_core/gpio_control_in_2[8]/shift_register_reg[9]/D
                                1.76           1.71 r        -0.05  (VIOLATED)
   chip_core/gpio_control_in_2[8]/shift_register_reg[10]/D
                                1.76           1.71 r        -0.05  (VIOLATED)
   chip_core/gpio_control_in_2[8]/shift_register_reg[11]/D
                                1.76           1.71 r        -0.05  (VIOLATED)
   chip_core/gpio_control_in_2[8]/shift_register_reg[12]/D
                                1.76           1.71 r        -0.05  (VIOLATED)
   chip_core/gpio_control_in_1[1]/shift_register_reg[1]/D
                                1.62           1.57 r        -0.04  (VIOLATED)
   chip_core/gpio_control_in_1[1]/shift_register_reg[2]/D
                                1.62           1.57 r        -0.04  (VIOLATED)
   chip_core/gpio_control_in_1[1]/shift_register_reg[3]/D
                                1.62           1.57 r        -0.04  (VIOLATED)
   chip_core/gpio_control_in_1[1]/shift_register_reg[4]/D
                                1.62           1.57 r        -0.04  (VIOLATED)
   chip_core/gpio_control_in_1[1]/shift_register_reg[5]/D
                                1.62           1.57 r        -0.04  (VIOLATED)
   chip_core/gpio_control_in_1[1]/shift_register_reg[6]/D
                                1.62           1.57 r        -0.04  (VIOLATED)
   chip_core/gpio_control_in_1[1]/shift_register_reg[7]/D
                                1.62           1.57 r        -0.04  (VIOLATED)
   chip_core/gpio_control_in_1[1]/shift_register_reg[8]/D
                                1.62           1.57 r        -0.04  (VIOLATED)
   chip_core/gpio_control_in_1[1]/shift_register_reg[9]/D
                                1.62           1.57 r        -0.04  (VIOLATED)
   chip_core/gpio_control_in_1[1]/shift_register_reg[10]/D
                                1.62           1.57 r        -0.04  (VIOLATED)
   chip_core/gpio_control_in_1[1]/shift_register_reg[11]/D
                                1.62           1.57 r        -0.04  (VIOLATED)
   chip_core/gpio_control_in_1[1]/shift_register_reg[12]/D
                                1.62           1.57 r        -0.04  (VIOLATED)
   chip_core/gpio_control_in_2[9]/shift_register_reg[1]/D
                                1.62           1.57 r        -0.04  (VIOLATED)
   chip_core/gpio_control_in_2[9]/shift_register_reg[2]/D
                                1.62           1.57 r        -0.04  (VIOLATED)
   chip_core/gpio_control_in_2[9]/shift_register_reg[3]/D
                                1.62           1.57 r        -0.04  (VIOLATED)
   chip_core/gpio_control_in_2[9]/shift_register_reg[4]/D
                                1.62           1.57 r        -0.04  (VIOLATED)
   chip_core/gpio_control_in_2[9]/shift_register_reg[5]/D
                                1.62           1.57 r        -0.04  (VIOLATED)
   chip_core/gpio_control_in_2[9]/shift_register_reg[6]/D
                                1.62           1.57 r        -0.04  (VIOLATED)
   chip_core/gpio_control_in_2[9]/shift_register_reg[7]/D
                                1.62           1.57 r        -0.04  (VIOLATED)
   chip_core/gpio_control_in_2[9]/shift_register_reg[8]/D
                                1.62           1.57 r        -0.04  (VIOLATED)
   chip_core/gpio_control_in_2[9]/shift_register_reg[9]/D
                                1.62           1.57 r        -0.04  (VIOLATED)
   chip_core/gpio_control_in_2[9]/shift_register_reg[10]/D
                                1.62           1.57 r        -0.04  (VIOLATED)
   chip_core/gpio_control_in_2[9]/shift_register_reg[11]/D
                                1.62           1.57 r        -0.04  (VIOLATED)
   chip_core/gpio_control_in_2[9]/shift_register_reg[12]/D
                                1.62           1.57 r        -0.04  (VIOLATED)
   chip_core/gpio_control_in_1[0]/shift_register_reg[1]/D
                                1.47           1.44 r        -0.03  (VIOLATED)
   chip_core/gpio_control_in_1[0]/shift_register_reg[2]/D
                                1.47           1.44 r        -0.03  (VIOLATED)
   chip_core/gpio_control_in_1[0]/shift_register_reg[3]/D
                                1.47           1.44 r        -0.03  (VIOLATED)
   chip_core/gpio_control_in_1[0]/shift_register_reg[4]/D
                                1.47           1.44 r        -0.03  (VIOLATED)
   chip_core/gpio_control_in_1[0]/shift_register_reg[5]/D
                                1.47           1.44 r        -0.03  (VIOLATED)
   chip_core/gpio_control_in_1[0]/shift_register_reg[6]/D
                                1.47           1.44 r        -0.03  (VIOLATED)
   chip_core/gpio_control_in_1[0]/shift_register_reg[7]/D
                                1.47           1.44 r        -0.03  (VIOLATED)
   chip_core/gpio_control_in_1[0]/shift_register_reg[8]/D
                                1.47           1.44 r        -0.03  (VIOLATED)
   chip_core/gpio_control_in_1[0]/shift_register_reg[9]/D
                                1.47           1.44 r        -0.03  (VIOLATED)
   chip_core/gpio_control_in_1[0]/shift_register_reg[10]/D
                                1.47           1.44 r        -0.03  (VIOLATED)
   chip_core/gpio_control_in_1[0]/shift_register_reg[11]/D
                                1.47           1.44 r        -0.03  (VIOLATED)
   chip_core/gpio_control_in_1[0]/shift_register_reg[12]/D
                                1.47           1.44 r        -0.03  (VIOLATED)
   chip_core/gpio_control_in_2[10]/shift_register_reg[1]/D
                                1.47           1.44 r        -0.03  (VIOLATED)
   chip_core/gpio_control_in_2[10]/shift_register_reg[2]/D
                                1.47           1.44 r        -0.03  (VIOLATED)
   chip_core/gpio_control_in_2[10]/shift_register_reg[3]/D
                                1.47           1.44 r        -0.03  (VIOLATED)
   chip_core/gpio_control_in_2[10]/shift_register_reg[4]/D
                                1.47           1.44 r        -0.03  (VIOLATED)
   chip_core/gpio_control_in_2[10]/shift_register_reg[5]/D
                                1.47           1.44 r        -0.03  (VIOLATED)
   chip_core/gpio_control_in_2[10]/shift_register_reg[6]/D
                                1.47           1.44 r        -0.03  (VIOLATED)
   chip_core/gpio_control_in_2[10]/shift_register_reg[7]/D
                                1.47           1.44 r        -0.03  (VIOLATED)
   chip_core/gpio_control_in_2[10]/shift_register_reg[8]/D
                                1.47           1.44 r        -0.03  (VIOLATED)
   chip_core/gpio_control_in_2[10]/shift_register_reg[9]/D
                                1.47           1.44 r        -0.03  (VIOLATED)
   chip_core/gpio_control_in_2[10]/shift_register_reg[10]/D
                                1.47           1.44 r        -0.03  (VIOLATED)
   chip_core/gpio_control_in_2[10]/shift_register_reg[11]/D
                                1.47           1.44 r        -0.03  (VIOLATED)
   chip_core/gpio_control_in_2[10]/shift_register_reg[12]/D
                                1.47           1.44 r        -0.03  (VIOLATED)
   chip_core/gpio_control_in_1a[5]/shift_register_reg[1]/D
                                1.33           1.31 r        -0.02  (VIOLATED)
   chip_core/gpio_control_in_1a[5]/shift_register_reg[2]/D
                                1.33           1.31 r        -0.02  (VIOLATED)
   chip_core/gpio_control_in_1a[5]/shift_register_reg[3]/D
                                1.33           1.31 r        -0.02  (VIOLATED)
   chip_core/gpio_control_in_1a[5]/shift_register_reg[4]/D
                                1.33           1.31 r        -0.02  (VIOLATED)
   chip_core/gpio_control_in_1a[5]/shift_register_reg[5]/D
                                1.33           1.31 r        -0.02  (VIOLATED)
   chip_core/gpio_control_in_1a[5]/shift_register_reg[6]/D
                                1.33           1.31 r        -0.02  (VIOLATED)
   chip_core/gpio_control_in_1a[5]/shift_register_reg[7]/D
                                1.33           1.31 r        -0.02  (VIOLATED)
   chip_core/gpio_control_in_1a[5]/shift_register_reg[8]/D
                                1.33           1.31 r        -0.02  (VIOLATED)
   chip_core/gpio_control_in_1a[5]/shift_register_reg[9]/D
                                1.33           1.31 r        -0.02  (VIOLATED)
   chip_core/gpio_control_in_1a[5]/shift_register_reg[10]/D
                                1.33           1.31 r        -0.02  (VIOLATED)
   chip_core/gpio_control_in_1a[5]/shift_register_reg[11]/D
                                1.33           1.31 r        -0.02  (VIOLATED)
   chip_core/gpio_control_in_1a[5]/shift_register_reg[12]/D
                                1.33           1.31 r        -0.02  (VIOLATED)
   chip_core/gpio_control_in_2[11]/shift_register_reg[1]/D
                                1.33           1.31 r        -0.02  (VIOLATED)
   chip_core/gpio_control_in_2[11]/shift_register_reg[2]/D
                                1.33           1.31 r        -0.02  (VIOLATED)
   chip_core/gpio_control_in_2[11]/shift_register_reg[3]/D
                                1.33           1.31 r        -0.02  (VIOLATED)
   chip_core/gpio_control_in_2[11]/shift_register_reg[4]/D
                                1.33           1.31 r        -0.02  (VIOLATED)
   chip_core/gpio_control_in_2[11]/shift_register_reg[5]/D
                                1.33           1.31 r        -0.02  (VIOLATED)
   chip_core/gpio_control_in_2[11]/shift_register_reg[6]/D
                                1.33           1.31 r        -0.02  (VIOLATED)
   chip_core/gpio_control_in_2[11]/shift_register_reg[7]/D
                                1.33           1.31 r        -0.02  (VIOLATED)
   chip_core/gpio_control_in_2[11]/shift_register_reg[8]/D
                                1.33           1.31 r        -0.02  (VIOLATED)
   chip_core/gpio_control_in_2[11]/shift_register_reg[9]/D
                                1.33           1.31 r        -0.02  (VIOLATED)
   chip_core/gpio_control_in_2[11]/shift_register_reg[10]/D
                                1.33           1.31 r        -0.02  (VIOLATED)
   chip_core/gpio_control_in_2[11]/shift_register_reg[11]/D
                                1.33           1.31 r        -0.02  (VIOLATED)
   chip_core/gpio_control_in_2[11]/shift_register_reg[12]/D
                                1.33           1.31 r        -0.02  (VIOLATED)
   chip_core/gpio_control_in_1a[4]/shift_register_reg[1]/D
                                1.19           1.18 r        -0.01  (VIOLATED)
   chip_core/gpio_control_in_1a[4]/shift_register_reg[2]/D
                                1.19           1.18 r        -0.01  (VIOLATED)
   chip_core/gpio_control_in_1a[4]/shift_register_reg[3]/D
                                1.19           1.18 r        -0.01  (VIOLATED)
   chip_core/gpio_control_in_1a[4]/shift_register_reg[4]/D
                                1.19           1.18 r        -0.01  (VIOLATED)
   chip_core/gpio_control_in_1a[4]/shift_register_reg[5]/D
                                1.19           1.18 r        -0.01  (VIOLATED)
   chip_core/gpio_control_in_1a[4]/shift_register_reg[6]/D
                                1.19           1.18 r        -0.01  (VIOLATED)
   chip_core/gpio_control_in_1a[4]/shift_register_reg[7]/D
                                1.19           1.18 r        -0.01  (VIOLATED)
   chip_core/gpio_control_in_1a[4]/shift_register_reg[8]/D
                                1.19           1.18 r        -0.01  (VIOLATED)
   chip_core/gpio_control_in_1a[4]/shift_register_reg[9]/D
                                1.19           1.18 r        -0.01  (VIOLATED)
   chip_core/gpio_control_in_1a[4]/shift_register_reg[10]/D
                                1.19           1.18 r        -0.01  (VIOLATED)
   chip_core/gpio_control_in_1a[4]/shift_register_reg[11]/D
                                1.19           1.18 r        -0.01  (VIOLATED)
   chip_core/gpio_control_in_1a[4]/shift_register_reg[12]/D
                                1.19           1.18 r        -0.01  (VIOLATED)
   chip_core/gpio_control_in_2[12]/shift_register_reg[1]/D
                                1.19           1.18 r        -0.01  (VIOLATED)
   chip_core/gpio_control_in_2[12]/shift_register_reg[2]/D
                                1.19           1.18 r        -0.01  (VIOLATED)
   chip_core/gpio_control_in_2[12]/shift_register_reg[3]/D
                                1.19           1.18 r        -0.01  (VIOLATED)
   chip_core/gpio_control_in_2[12]/shift_register_reg[4]/D
                                1.19           1.18 r        -0.01  (VIOLATED)
   chip_core/gpio_control_in_2[12]/shift_register_reg[5]/D
                                1.19           1.18 r        -0.01  (VIOLATED)
   chip_core/gpio_control_in_2[12]/shift_register_reg[6]/D
                                1.19           1.18 r        -0.01  (VIOLATED)
   chip_core/gpio_control_in_2[12]/shift_register_reg[7]/D
                                1.19           1.18 r        -0.01  (VIOLATED)
   chip_core/gpio_control_in_2[12]/shift_register_reg[8]/D
                                1.19           1.18 r        -0.01  (VIOLATED)
   chip_core/gpio_control_in_2[12]/shift_register_reg[9]/D
                                1.19           1.18 r        -0.01  (VIOLATED)
   chip_core/gpio_control_in_2[12]/shift_register_reg[10]/D
                                1.19           1.18 r        -0.01  (VIOLATED)
   chip_core/gpio_control_in_2[12]/shift_register_reg[11]/D
                                1.19           1.18 r        -0.01  (VIOLATED)
   chip_core/gpio_control_in_2[12]/shift_register_reg[12]/D
                                1.19           1.18 r        -0.01  (VIOLATED)
   chip_core/gpio_control_in_1a[3]/shift_register_reg[1]/D
                                1.05           1.04 r         0.00  (VIOLATED: increase significant digits)
   chip_core/gpio_control_in_1a[3]/shift_register_reg[2]/D
                                1.05           1.04 r         0.00  (VIOLATED: increase significant digits)
   chip_core/gpio_control_in_1a[3]/shift_register_reg[3]/D
                                1.05           1.04 r         0.00  (VIOLATED: increase significant digits)
   chip_core/gpio_control_in_1a[3]/shift_register_reg[4]/D
                                1.05           1.04 r         0.00  (VIOLATED: increase significant digits)
   chip_core/gpio_control_in_1a[3]/shift_register_reg[5]/D
                                1.05           1.04 r         0.00  (VIOLATED: increase significant digits)
   chip_core/gpio_control_in_1a[3]/shift_register_reg[6]/D
                                1.05           1.04 r         0.00  (VIOLATED: increase significant digits)
   chip_core/gpio_control_in_1a[3]/shift_register_reg[7]/D
                                1.05           1.04 r         0.00  (VIOLATED: increase significant digits)
   chip_core/gpio_control_in_1a[3]/shift_register_reg[8]/D
                                1.05           1.04 r         0.00  (VIOLATED: increase significant digits)
   chip_core/gpio_control_in_1a[3]/shift_register_reg[9]/D
                                1.05           1.04 r         0.00  (VIOLATED: increase significant digits)
   chip_core/gpio_control_in_1a[3]/shift_register_reg[10]/D
                                1.05           1.04 r         0.00  (VIOLATED: increase significant digits)
   chip_core/gpio_control_in_1a[3]/shift_register_reg[11]/D
                                1.05           1.04 r         0.00  (VIOLATED: increase significant digits)
   chip_core/gpio_control_in_1a[3]/shift_register_reg[12]/D
                                1.05           1.04 r         0.00  (VIOLATED: increase significant digits)
   chip_core/gpio_control_in_2[13]/shift_register_reg[1]/D
                                1.05           1.04 r         0.00  (VIOLATED: increase significant digits)
   chip_core/gpio_control_in_2[13]/shift_register_reg[2]/D
                                1.05           1.04 r         0.00  (VIOLATED: increase significant digits)
   chip_core/gpio_control_in_2[13]/shift_register_reg[3]/D
                                1.05           1.04 r         0.00  (VIOLATED: increase significant digits)
   chip_core/gpio_control_in_2[13]/shift_register_reg[4]/D
                                1.05           1.04 r         0.00  (VIOLATED: increase significant digits)
   chip_core/gpio_control_in_2[13]/shift_register_reg[5]/D
                                1.05           1.04 r         0.00  (VIOLATED: increase significant digits)
   chip_core/gpio_control_in_2[13]/shift_register_reg[6]/D
                                1.05           1.04 r         0.00  (VIOLATED: increase significant digits)
   chip_core/gpio_control_in_2[13]/shift_register_reg[7]/D
                                1.05           1.04 r         0.00  (VIOLATED: increase significant digits)
   chip_core/gpio_control_in_2[13]/shift_register_reg[8]/D
                                1.05           1.04 r         0.00  (VIOLATED: increase significant digits)
   chip_core/gpio_control_in_2[13]/shift_register_reg[9]/D
                                1.05           1.04 r         0.00  (VIOLATED: increase significant digits)
   chip_core/gpio_control_in_2[13]/shift_register_reg[10]/D
                                1.05           1.04 r         0.00  (VIOLATED: increase significant digits)
   chip_core/gpio_control_in_2[13]/shift_register_reg[11]/D
                                1.05           1.04 r         0.00  (VIOLATED: increase significant digits)
   chip_core/gpio_control_in_2[13]/shift_register_reg[12]/D
                                1.05           1.04 r         0.00  (VIOLATED: increase significant digits)


   max_fanout

                             Required        Actual
   Net                        Fanout         Fanout          Slack
   -----------------------------------------------------------------
   n2                          18.00         257.00        -239.00  (VIOLATED)

   -----------------------------------------------------------------
   Total                      1                -239.00  

   max_capacitance

                             Required        Actual
   Net                      Capacitance    Capacitance       Slack
   -----------------------------------------------------------------
   chip_core/housekeeping/n871
                                0.15           0.20          -0.05  (VIOLATED)
   chip_core/housekeeping/n900
                                0.15           0.20          -0.05  (VIOLATED)
   chip_core/housekeeping/n909
                                0.15           0.20          -0.05  (VIOLATED)
   chip_core/housekeeping/n918
                                0.15           0.20          -0.05  (VIOLATED)
   chip_core/housekeeping/n858
                                0.15           0.20          -0.05  (VIOLATED)
   chip_core/housekeeping/n867
                                0.15           0.20          -0.05  (VIOLATED)
   chip_core/housekeeping/n876
                                0.15           0.20          -0.05  (VIOLATED)
   chip_core/housekeeping/n896
                                0.15           0.20          -0.05  (VIOLATED)
   chip_core/housekeeping/n905
                                0.15           0.20          -0.05  (VIOLATED)
   chip_core/housekeeping/n914
                                0.15           0.20          -0.05  (VIOLATED)
   chip_core/housekeeping/n885
                                0.15           0.20          -0.05  (VIOLATED)
   chip_core/housekeeping/n923
                                0.15           0.20          -0.05  (VIOLATED)
   chip_core/housekeeping/n855
                                0.15           0.20          -0.05  (VIOLATED)
   chip_core/housekeeping/n864
                                0.15           0.20          -0.05  (VIOLATED)
   chip_core/housekeeping/n873
                                0.15           0.20          -0.05  (VIOLATED)
   chip_core/housekeeping/n882
                                0.15           0.20          -0.05  (VIOLATED)
   chip_core/housekeeping/n893
                                0.15           0.20          -0.05  (VIOLATED)
   chip_core/housekeeping/n902
                                0.15           0.20          -0.05  (VIOLATED)
   chip_core/housekeeping/n911
                                0.15           0.20          -0.05  (VIOLATED)
   chip_core/housekeeping/n920
                                0.15           0.20          -0.05  (VIOLATED)
   chip_core/housekeeping/n2661
                                0.15           0.20          -0.05  (VIOLATED)
   chip_core/housekeeping/n887
                                0.15           0.19          -0.04  (VIOLATED)
   chip_core/housekeeping/n925
                                0.15           0.19          -0.04  (VIOLATED)
   chip_core/housekeeping/n854
                                0.15           0.19          -0.04  (VIOLATED)
   chip_core/housekeeping/n863
                                0.15           0.19          -0.04  (VIOLATED)
   chip_core/housekeeping/n872
                                0.15           0.19          -0.04  (VIOLATED)
   chip_core/housekeeping/n881
                                0.15           0.19          -0.04  (VIOLATED)
   chip_core/housekeeping/n901
                                0.15           0.19          -0.04  (VIOLATED)
   chip_core/housekeeping/n910
                                0.15           0.19          -0.04  (VIOLATED)
   chip_core/housekeeping/n919
                                0.15           0.19          -0.04  (VIOLATED)
   chip_core/soc/core/n789      0.15           0.19          -0.04  (VIOLATED)
   chip_core/housekeeping/n2029
                                0.15           0.19          -0.04  (VIOLATED)
   chip_core/housekeeping/n1794
                                0.15           0.18          -0.03  (VIOLATED)
   chip_core/housekeeping/n1828
                                0.15           0.18          -0.03  (VIOLATED)
   chip_core/housekeeping/n1831
                                0.15           0.18          -0.03  (VIOLATED)
   chip_core/housekeeping/n1874
                                0.15           0.18          -0.03  (VIOLATED)
   chip_core/soc/core/n1151     0.15           0.18          -0.03  (VIOLATED)
   chip_core/soc/core/n930      0.15           0.18          -0.03  (VIOLATED)
   chip_core/soc/core/n1155     0.15           0.18          -0.03  (VIOLATED)
   chip_core/soc/core/n942      0.15           0.18          -0.03  (VIOLATED)
   chip_core/housekeeping/n3401
                                0.15           0.17          -0.02  (VIOLATED)
   chip_core/soc/core/n1323     0.15           0.17          -0.02  (VIOLATED)
   chip_core/housekeeping/n2079
                                0.15           0.17          -0.02  (VIOLATED)
   chip_core/housekeeping/n3388
                                0.15           0.17          -0.02  (VIOLATED)
   chip_core/soc/core/n871      0.15           0.17          -0.02  (VIOLATED)
   chip_core/mprj_adr_o_core[2]
                                0.30           0.32          -0.02  (VIOLATED)
   chip_core/housekeeping/n1797
                                0.15           0.17          -0.02  (VIOLATED)
   chip_core/housekeeping/n1862
                                0.15           0.17          -0.02  (VIOLATED)
   chip_core/housekeeping/n1865
                                0.15           0.17          -0.02  (VIOLATED)
   chip_core/soc/core/n1735     0.15           0.16          -0.01  (VIOLATED)
   chip_core/soc/core/n1717     0.15           0.16          -0.01  (VIOLATED)
   chip_core/soc/core/sla_6810/n12
                                0.15           0.16          -0.01  (VIOLATED)
   chip_core/soc/core/n1420     0.15           0.16          -0.01  (VIOLATED)
   chip_core/soc/core/n1415     0.15           0.16          -0.01  (VIOLATED)
   chip_core/soc/core/n932      0.15           0.16          -0.01  (VIOLATED)
   chip_core/soc/core/n1432     0.15           0.16          -0.01  (VIOLATED)
   chip_core/soc/core/n1438     0.15           0.16          -0.01  (VIOLATED)
   chip_core/housekeeping/n2086
                                0.15           0.15           0.00  (VIOLATED: increase significant digits)
   chip_core/housekeeping/n3218
                                0.15           0.15           0.00  (VIOLATED: increase significant digits)

   -----------------------------------------------------------------
   Total                      59                 -1.92  

1
